[www.onedrop.org/en/index.html]
[backblue.gif]
[fade.gif]
[index.html]
[www.onedrop.org/en/index.html]
[www.onedrop.org/en/why-one-drop/index.html]
[www.onedrop.org/en/why-one-drop/index.html]
[www.onedrop.org/en/projects/index.html]
[www.onedrop.org/en/projects/index.html]
[www.onedrop.org/en/partners/index.html]
[www.onedrop.org/en/partners/index.html]
[www.onedrop.org/en/campaign/index.html]
[www.onedrop.org/en/campaign/index.html]
[www.onedrop.org/en/newsletter/index.html]
[www.onedrop.org/en/newsletter/index.html]
[www.onedrop.org/en/donate-now/index.html]
[www.onedrop.org/en/why-one-drop/approach/index.html]
[www.onedrop.org/en/donate-now/index.html]
[www.onedrop.org/en/why-one-drop/results-impact/index.html]
[www.onedrop.org/en/why-one-drop/approach/index.html]
[www.onedrop.org/en/why-one-drop/why-water/index.html]
[www.onedrop.org/en/why-one-drop/results-impact/index.html]
[www.onedrop.org/en/take-action/index.html]
[www.onedrop.org/en/why-one-drop/why-water/index.html]
[www.onedrop.org/en/donors/index.html]
[www.onedrop.org/en/donors/index.html]
[www.onedrop.org/en/about-one-drop/index.html]
[www.onedrop.org/en/news-events/index.html]
[www.onedrop.org/en/take-action/index.html]
[www.onedrop.org/en/about-one-drop/impact-reports/index.html]
[www.onedrop.org/en/news-events/index.html]
[www.onedrop.org/en/about-one-drop/governance-ethics/index.html]
[www.onedrop.org/en/about-one-drop/team/index.html]
[www.onedrop.org/en/about-one-drop/index.html]
[www.onedrop.org/en/about-one-drop/media-room/index.html]
[www.onedrop.org/en/about-one-drop/impact-reports/index.html]
[www.onedrop.org/en/about-one-drop/careers/index.html]
[www.onedrop.org/en/about-one-drop/governance-ethics/index.html]
[www.onedrop.org/en/about-one-drop/contact/index.html]
[www.onedrop.org/en/about-one-drop/team/index.html]
[www.onedrop.org/en/news-event/project-update-from-quiche-guatemala/index.html]
[www.onedrop.org/en/about-one-drop/media-room/index.html]
[www.onedrop.org/en/news-event/lazos-de-agua-launching-in-colombia-agua-para-convidarte-tumaco/index.html]
[www.onedrop.org/en/about-one-drop/careers/index.html]
[www.onedrop.org/en/news-event/a-look-back-at-2018/index.html]
[www.onedrop.org/en/about-one-drop/contact/index.html]
[www.onedrop.org/en/news-event/one-drop-welcomed-1000-participants-during-the-walk-for-water-2018/index.html]
[www.onedrop.org/en/news-event/project-update-from-quiche-guatemala/index.html]
[www.onedrop.org/en/news-event/art-for-one-drop/index.html]
[www.onedrop.org/en/news-event/a-look-back-at-2018/index.html]
[www.onedrop.org/en/news-event/young-agents-of-change/index.html]
[www.onedrop.org/en/news-event/education-through-the-arts/index.html]
[www.onedrop.org/en/news-event/lazos-de-agua-launching-in-colombia-agua-para-convidarte-tumaco/index.html]
[www.onedrop.org/en/news-event/one-drops-2018-walk-for-water-in-las-vegas/index.html]
[www.onedrop.org/en/news-event/one-drop-welcomed-1000-participants-during-the-walk-for-water-2018/index.html]
[www.onedrop.org/en/news-event/meet-prisha-the-girl-who-found-her-voice/index.html]
[www.onedrop.org/en/news-event/art-for-one-drop/index.html]
[www.onedrop.org/en/news-event/one-drop-s-big-one-2018/index.html]
[www.onedrop.org/en/news-event/young-agents-of-change/index.html]
[www.onedrop.org/en/news-event/lets-talk-about-menstrual-hygiene-day/index.html]
[www.onedrop.org/en/news-event/education-through-the-arts/index.html]
[www.onedrop.org/en/news-event/a-royal-feast/index.html]
[www.onedrop.org/en/news-event/one-drops-2018-walk-for-water-in-las-vegas/index.html]
[www.onedrop.org/en/news-event/lazos-de-agua-program/index.html]
[www.onedrop.org/en/news-event/meet-prisha-the-girl-who-found-her-voice/index.html]
[www.onedrop.org/en/news-event/world-renowned-landscape-photographer-peter-lik-partners-with-one-drop-to-provide-charity-through-art/index.html]
[www.onedrop.org/en/news-event/one-drop-s-big-one-2018/index.html]
[www.onedrop.org/en/news-event/technologies/index.html]
[www.onedrop.org/en/news-event/lets-talk-about-menstrual-hygiene-day/index.html]
[www.onedrop.org/en/news-event/water-management-and-sustainability/index.html]
[www.onedrop.org/en/news-event/a-royal-feast/index.html]
[www.onedrop.org/en/news-event/new-behaviors-in-burkina-faso/index.html]
[www.onedrop.org/en/news-event/lazos-de-agua-program/index.html]
[www.onedrop.org/en/news-event/all-in-for-one-drop/index.html]
[www.onedrop.org/en/news-event/world-renowned-landscape-photographer-peter-lik-partners-with-one-drop-to-provide-charity-through-art/index.html]
[www.onedrop.org/en/news-event/introducing-xiomara/index.html]
[www.onedrop.org/en/news-event/technologies/index.html]
[www.onedrop.org/en/news-event/children-are-becoming-agents-of-change/index.html]
[www.onedrop.org/en/news-event/water-management-and-sustainability/index.html]
[www.onedrop.org/en/news-event/water-children-and-education/index.html]
[www.onedrop.org/en/news-event/new-behaviors-in-burkina-faso/index.html]
[www.onedrop.org/en/news-events/indexa6d7.html]
[www.onedrop.org/en/news-event/all-in-for-one-drop/index.html]
[www.onedrop.org/en/news-events/indexeda6.html]
[www.onedrop.org/en/news-event/introducing-xiomara/index.html]
[www.onedrop.org/en/news-events/index00d7.html]
[www.onedrop.org/en/news-event/children-are-becoming-agents-of-change/index.html]
[www.onedrop.org/en/privacy-policy/index.html]
[www.onedrop.org/en/news-event/water-children-and-education/index.html]
[www.onedrop.org/en/site-navigation/index.html]
[www.onedrop.org/en/terms-of-use/index.html]
[www.onedrop.org/en/news-events/indexa6d7.html]
[www.onedrop.org/en/projects/index0a55.html]
[www.onedrop.org/en/news-events/indexeda6.html]
[www.onedrop.org/en/about-one-drop/media-room/press-release/one-drops-project-odisha-india-winner-of-united-nations-water-for-life-best-practices-award/index.html]
[www.onedrop.org/en/news-events/index00d7.html]
[www.onedrop.org/en/projects/index3b79.html]
[www.onedrop.org/en/privacy-policy/index.html]
[www.onedrop.org/en/projects/indexdd0b.html]
[www.onedrop.org/en/terms-of-use/index.html]
[www.onedrop.org/en/project/burkina-faso/index.html]
[www.onedrop.org/en/site-navigation/index.html]
[www.onedrop.org/en/project/guatemala/index.html]
[www.onedrop.org/en/about-one-drop/media-room/press-release/one-drops-project-odisha-india-winner-of-united-nations-water-for-life-best-practices-award/index.html]
[www.onedrop.org/en/project/el-salvador/index.html]
[www.onedrop.org/en/projects/index0a55.html]
[www.onedrop.org/en/project/india-sheohar/index.html]
[www.onedrop.org/en/projects/index3b79.html]
[www.onedrop.org/en/project/nicaragua/index.html]
[www.onedrop.org/en/projects/indexdd0b.html]
[www.onedrop.org/en/project/india-odisha/index.html]
[www.onedrop.org/en/project/burkina-faso/index.html]
[www.onedrop.org/en/project/honduras/index.html]
[www.onedrop.org/en/project/guatemala/index.html]
[www.onedrop.org/en/project/haiti/index.html]
[www.onedrop.org/en/project/el-salvador/index.html]
[www.onedrop.org/en/newsletter/thank-you/index.html]
[www.onedrop.org/en/project/india-sheohar/index.html]
[www.onedrop.org/en/news-event/the-water-crisis/index.html]
[www.onedrop.org/en/project/india-odisha/index.html]
[www.onedrop.org/en/news-event/increasing-production-increasing-revenus/index.html]
[www.onedrop.org/en/project/nicaragua/index.html]
[www.onedrop.org/en/news-event/120-women-processing-mangos/index.html]
[www.onedrop.org/en/project/honduras/index.html]
[www.onedrop.org/en/news-event/an-independent-entrepreneur/index.html]
[www.onedrop.org/en/project/haiti/index.html]
[www.onedrop.org/en/news-event/picture-books-for-kids-in-india/index.html]
[www.onedrop.org/en/newsletter/thank-you/index.html]
[www.onedrop.org/en/news-event/shorter-distance-to-collect-water/index.html]
[www.onedrop.org/en/news-event/the-water-crisis/index.html]
[www.onedrop.org/en/news-event/new-latrines-in-burkina-faso/index.html]
[www.onedrop.org/en/news-event/a-word-from-el-salvador/index.html]
[www.onedrop.org/en/news-event/increasing-production-increasing-revenus/index.html]
[www.onedrop.org/en/news-events/index608c.html]
[www.onedrop.org/en/news-event/120-women-processing-mangos/index.html]
[www.onedrop.org/en/news-events/indexe8f4.html]
[www.onedrop.org/en/news-event/an-independent-entrepreneur/index.html]
[www.onedrop.org/en/news-event/life-story-meet-saqueo/index.html]
[www.onedrop.org/en/news-event/picture-books-for-kids-in-india/index.html]
[www.onedrop.org/en/news-event/one-drop-supports-discovery-children-s-museum/index.html]
[www.onedrop.org/en/news-event/shorter-distance-to-collect-water/index.html]
[www.onedrop.org/en/news-events/index4658.html]
[www.onedrop.org/en/news-event/new-latrines-in-burkina-faso/index.html]
[www.onedrop.org/en/about-one-drop/media-room/press-release/tickets-now-on-sale-for-one-night-for-one-drop-at-bellagio-benefitting-one-drop-foundation/index.html]
[www.onedrop.org/en/news-event/a-word-from-el-salvador/index.html]
[www.onedrop.org/en/about-one-drop/media-room/press-release/one-drop-recognized-by-charity-intelligence-canada-as-top-10-impact-charity-of-2018/index.html]
[www.onedrop.org/en/news-events/index608c.html]
[www.onedrop.org/en/about-one-drop/media-room/press-release/one-drop-and-philipps-announce-full-list-of-artworks-in-art-for-one-drop/index.html]
[www.onedrop.org/en/news-events/indexe8f4.html]
[www.onedrop.org/en/about-one-drop/media-room/press-release/one-night-for-one-drop-draws-star-studded-turnout-at-sixth-annual-philanthropy-event-in-las-vegas-friday-march-2/index.html]
[www.onedrop.org/en/news-event/life-story-meet-saqueo/index.html]
[www.onedrop.org/en/about-one-drop/media-room/press-release/one-night-for-one-drop-draws-a-star-studded-turnout-at-fifth-annual-philanthropy-event-in-las-vegas-march-3rd/index.html]
[www.onedrop.org/en/about-one-drop/media-room/press-release/sixth-annual-one-night-for-one-drop-inspired-by-life-of-grammyr-nominated-singer-songwriter-jewel/index.html]
[www.onedrop.org/en/news-event/one-drop-supports-discovery-children-s-museum/index.html]
[www.onedrop.org/en/about-one-drop/media-room/press-release/lazos-de-agua-program-to-bring-safe-water-access-and-resources-to-more-than-200000-citizens-across-latin-america/index.html]
[www.onedrop.org/en/news-events/index4658.html]
[www.onedrop.org/en/about-one-drop/media-room/press-release/emmy-awardr-winning-actor-william-shatner-to-appear-in-fifth-annual-one-night-for-one-drop-friday-march-3rd/index.html]
[www.onedrop.org/en/about-one-drop/media-room/press-release/tickets-now-on-sale-for-one-night-for-one-drop-at-bellagio-benefitting-one-drop-foundation/index.html]
[www.onedrop.org/en/about-one-drop/media-room/press-release/one-night-for-one-drop-2017-tickets-now-on-sale/index.html]
[www.onedrop.org/en/about-one-drop/media-room/press-release/one-drop-recognized-by-charity-intelligence-canada-as-top-10-impact-charity-of-2018/index.html]
[www.onedrop.org/en/about-one-drop/media-room/press-release/multi-platinum-vocal-group-the-tenors-to-star-in-one-night-for-one-drop-imagined-by-cirque-du-soleil-friday-march-3rd/index.html]
[www.onedrop.org/en/about-one-drop/media-room/press-release/one-drop-and-philipps-announce-full-list-of-artworks-in-art-for-one-drop/index.html]
[www.onedrop.org/en/about-one-drop/media-room/press-release/the-monte-carlo-one-drop-extravaganzatm-to-be-held-by-invitation-oct-13-to-17-2016/index.html]
[www.onedrop.org/en/about-one-drop/media-room/press-release/one-night-for-one-drop-draws-star-studded-turnout-at-sixth-annual-philanthropy-event-in-las-vegas-friday-march-2/index.html]
[www.onedrop.org/en/about-one-drop/media-room/press-release/cirque-du-soleil-draws-a-star-studded-turnout-in-las-vegas-at-fourth-annual-one-night-benefit-featuring-leona-lewis/index.html]
[www.onedrop.org/en/about-one-drop/media-room/press-release/sixth-annual-one-night-for-one-drop-inspired-by-life-of-grammyr-nominated-singer-songwriter-jewel/index.html]
[www.onedrop.org/en/about-one-drop/media-room/press-release/bal-en-blanc-to-become-a-benefit-event-for-one-droptm/index.html]
[www.onedrop.org/en/about-one-drop/media-room/press-release/joya-cirque-du-soleil-s-exclusive-dinner-show-s/index.html]
[www.onedrop.org/en/about-one-drop/media-room/press-release/one-night-for-one-drop-draws-a-star-studded-turnout-at-fifth-annual-philanthropy-event-in-las-vegas-march-3rd/index.html]
[www.onedrop.org/en/about-one-drop/media-room/press-release/tv-star-miles-baby-boogaloo-brown-joins-cast-of-fourth-edition-of-one-night-for-one-drop/index.html]
[www.onedrop.org/en/about-one-drop/media-room/press-release/lazos-de-agua-program-to-bring-safe-water-access-and-resources-to-more-than-200000-citizens-across-latin-america/index.html]
[www.onedrop.org/en/about-one-drop/media-room/press-release/one-drop-creates-world-class-water-sanitation-and-hygiene-wash-advisory-committee-as-international-water-programming-expands/index.html]
[www.onedrop.org/en/about-one-drop/media-room/press-release/emmy-awardr-winning-actor-william-shatner-to-appear-in-fifth-annual-one-night-for-one-drop-friday-march-3rd/index.html]
[www.onedrop.org/en/about-one-drop/media-room/press-release/grammy-nominated-singer-songwriter-leona-lewis-joins-cast-of-fourth-edition-of-one-night-for-one-drop/index.html]
[www.onedrop.org/en/about-one-drop/media-room/press-release/multi-platinum-vocal-group-the-tenors-to-star-in-one-night-for-one-drop-imagined-by-cirque-du-soleil-friday-march-3rd/index.html]
[www.onedrop.org/en/about-one-drop/media-room/press-release/one-drop-crea-un-comite-consultivo-de-nivel-mun/index.html]
[www.onedrop.org/en/about-one-drop/media-room/press-release/one-night-for-one-drop-2017-tickets-now-on-sale/index.html]
[www.onedrop.org/en/about-one-drop/media-room/press-release/media-alert-grammy-nominated-singer-songwriter-leona-lewis-joins-the-cast-of-the-fourth-annual-one-night-for-one-drop/index.html]
[www.onedrop.org/en/about-one-drop/media-room/press-release/the-monte-carlo-one-drop-extravaganzatm-to-be-held-by-invitation-oct-13-to-17-2016/index.html]
[www.onedrop.org/en/about-one-drop/media-room/press-release/one-droptm-unveils-fourth-edition-of-one-night-for-one-drop-at-the-smith-center-on-march-18/index.html]
[www.onedrop.org/en/about-one-drop/media-room/press-release/cirque-du-soleil-draws-a-star-studded-turnout-in-las-vegas-at-fourth-annual-one-night-benefit-featuring-leona-lewis/index.html]
[www.onedrop.org/en/about-one-drop/media-room/press-release/kaun-kitney-paani-mein-makes-its-bollywood-premiere/index.html]
[www.onedrop.org/en/about-one-drop/media-room/press-release/bal-en-blanc-to-become-a-benefit-event-for-one-droptm/index.html]
[www.onedrop.org/en/about-one-drop/media-room/press-release/formula-e-2014-2015-season-helps-raise-over-1-million-usd-in-support-of-one-drop-and-the-prince-albert-ii-of-monaco-foundation/index.html]
[www.onedrop.org/en/about-one-drop/media-room/press-release/joya-cirque-du-soleil-s-exclusive-dinner-show-s/index.html]
[www.onedrop.org/en/about-one-drop/media-room/press-release/one-drop-collaborates-with-microsoft-using-technology-to-raise-awareness-of-water-issues/index.html]
[www.onedrop.org/en/about-one-drop/media-room/press-release/tv-star-miles-baby-boogaloo-brown-joins-cast-of-fourth-edition-of-one-night-for-one-drop/index.html]
[www.onedrop.org/en/about-one-drop/media-room/press-release/tickets-now-on-sale-for-one-night-for-one-drop-imagined-by-cirque-du-soleil-coming-from-las-vegas-to-select-u-s-cinemas-wednesday-june-10/index.html]
[www.onedrop.org/en/about-one-drop/media-room/press-release/one-drop-creates-world-class-water-sanitation-and-hygiene-wash-advisory-committee-as-international-water-programming-expands/index.html]
[www.onedrop.org/en/about-one-drop/media-room/press-release/one-drop-draws-a-star-studded-turn-out-and-raises-more-than-6-million-at-third-annual-one-night-only-benefit-featuring-john-legend-in-las-vegas/index.html]
[www.onedrop.org/en/about-one-drop/media-room/press-release/one-drop-crea-un-comite-consultivo-de-nivel-mun/index.html]
[www.onedrop.org/en/about-one-drop/media-room/press-release/academy-award-winning-artist-john-legend-to-be-featured-alongside-cirque-du-soleil-in-one-night-for-one-drop-march-20/index.html]
[www.onedrop.org/en/about-one-drop/media-room/press-release/grammy-nominated-singer-songwriter-leona-lewis-joins-cast-of-fourth-edition-of-one-night-for-one-drop/index.html]
[www.onedrop.org/en/about-one-drop/media-room/press-release/one-drop-of-beauty-one-gracious-gesture-caroline-neron-and-one-drop-join-forces/index.html]
[www.onedrop.org/en/about-one-drop/media-room/press-release/media-alert-grammy-nominated-singer-songwriter-leona-lewis-joins-the-cast-of-the-fourth-annual-one-night-for-one-drop/index.html]
[www.onedrop.org/en/about-one-drop/media-room/press-release/formula-e-one-drop-and-prince-albert-ii-of-monaco-foundation-team-up-for-sustainability/index.html]
[www.onedrop.org/en/about-one-drop/media-room/press-release/one-droptm-unveils-fourth-edition-of-one-night-for-one-drop-at-the-smith-center-on-march-18/index.html]
[www.onedrop.org/en/about-one-drop/media-room/press-release/poker-community-over-delivers-again-donates-more-than-5-million-to-charity-during-2014-world-series-of-poker/index.html]
[www.onedrop.org/en/about-one-drop/media-room/press-release/kaun-kitney-paani-mein-makes-its-bollywood-premiere/index.html]
[www.onedrop.org/en/about-one-drop/media-room/press-release/one-drop-and-wasrag-launch-the-2020-water-partn/index.html]
[www.onedrop.org/en/about-one-drop/media-room/press-release/formula-e-2014-2015-season-helps-raise-over-1-million-usd-in-support-of-one-drop-and-the-prince-albert-ii-of-monaco-foundation/index.html]
[www.onedrop.org/en/about-one-drop/media-room/press-release/the-montreal-global-shapers-partner-with-one-drop-on-the-code-love-hackathon/index.html]
[www.onedrop.org/en/about-one-drop/media-room/press-release/one-drop-collaborates-with-microsoft-using-technology-to-raise-awareness-of-water-issues/index.html]
[www.onedrop.org/en/about-one-drop/media-room/press-release/eight-cirque-du-soleil-productions-became-one-to-celebrate-world-water-day-at-second-annual-one-night-for-one-drop-in-las-vegas/index.html]
[www.onedrop.org/en/about-one-drop/media-room/press-release/tickets-now-on-sale-for-one-night-for-one-drop-imagined-by-cirque-du-soleil-coming-from-las-vegas-to-select-u-s-cinemas-wednesday-june-10/index.html]
[www.onedrop.org/en/about-one-drop/media-room/press-release/formula-e-partners-with-one-drop/index.html]
[www.onedrop.org/en/about-one-drop/media-room/press-release/one-drop-draws-a-star-studded-turn-out-and-raises-more-than-6-million-at-third-annual-one-night-only-benefit-featuring-john-legend-in-las-vegas/index.html]
[www.onedrop.org/en/about-one-drop/media-room/press-release/one-drop-and-water-for-people-join-forces-to-develop-sustainable-programming-to-end-water-and-sanitation-poverty/index.html]
[www.onedrop.org/en/about-one-drop/media-room/press-release/academy-award-winning-artist-john-legend-to-be-featured-alongside-cirque-du-soleil-in-one-night-for-one-drop-march-20/index.html]
[www.onedrop.org/en/about-one-drop/media-room/press-release/one-drop-partners-with-indian-filmmaker-nila-madhab-panda-for-first-ever-bollywood-film-with-a-social-message-about-water/index.html]
[www.onedrop.org/en/about-one-drop/media-room/press-release/one-drop-of-beauty-one-gracious-gesture-caroline-neron-and-one-drop-join-forces/index.html]
[www.onedrop.org/en/about-one-drop/media-room/press-release/one-drop-awarded-international-prize-by-the-international-water-association/index.html]
[www.onedrop.org/en/about-one-drop/media-room/press-release/formula-e-one-drop-and-prince-albert-ii-of-monaco-foundation-team-up-for-sustainability/index.html]
[www.onedrop.org/en/about-one-drop/media-room/press-release/appointment-of-the-three-new-directors-to-one-drop-s-board-of-directors/index.html]
[www.onedrop.org/en/about-one-drop/media-room/press-release/seven-cirque-du-soleil-shows-came-together-for-extraordinary-performance-to-raise-global-awareness-and-funds-for-water-related-issues/index.html]
[www.onedrop.org/en/about-one-drop/media-room/press-release/poker-community-over-delivers-again-donates-more-than-5-million-to-charity-during-2014-world-series-of-poker/index.html]
[www.onedrop.org/en/about-one-drop/media-room/press-release/66000-the-world-s-largest-artistic-water-mosaic-created-in-montreal-auctioned-for-one-night-for-one-drop-in-las-vegas/index.html]
[www.onedrop.org/en/about-one-drop/media-room/press-release/one-drop-and-wasrag-launch-the-2020-water-partn/index.html]
[www.onedrop.org/en/about-one-drop/media-room/press-release/cirque-du-soleil-to-stage-one-night-only-original-performance-presented-online-as-a-special-broadcast-available-for-seven-days-only-with-donation-to-one-drop/index.html]
[www.onedrop.org/en/about-one-drop/media-room/press-release/the-montreal-global-shapers-partner-with-one-drop-on-the-code-love-hackathon/index.html]
[www.onedrop.org/en/news-event/win-a-vip-experience-with-shakira-during-her-el-dorado-world-tour-in-las-vegas/index.html]
[www.onedrop.org/en/news-event/meet-michael-douglas-at-the-marvel-studios-ant-man-and-the-wasp-premiere/index.html]
[www.onedrop.org/en/about-one-drop/media-room/press-release/formula-e-partners-with-one-drop/index.html]
[www.onedrop.org/en/news-event/meet-olympian-yohan-blake-at-the-racers-grand-prix-in-jamaica/index.html]
[www.onedrop.org/en/about-one-drop/media-room/press-release/eight-cirque-du-soleil-productions-became-one-to-celebrate-world-water-day-at-second-annual-one-night-for-one-drop-in-las-vegas/index.html]
[www.onedrop.org/en/news-event/happy-world-water-day/index.html]
[www.onedrop.org/en/about-one-drop/media-room/press-release/one-drop-and-water-for-people-join-forces-to-develop-sustainable-programming-to-end-water-and-sanitation-poverty/index.html]
[www.onedrop.org/en/news-event/looking-for-extraordinary-creators-directors-one-night-for-one-drop-2018/index.html]
[www.onedrop.org/en/about-one-drop/media-room/press-release/one-drop-partners-with-indian-filmmaker-nila-madhab-panda-for-first-ever-bollywood-film-with-a-social-message-about-water/index.html]
[www.onedrop.org/en/news-event/were-hiring/index.html]
[www.onedrop.org/en/about-one-drop/media-room/press-release/one-drop-awarded-international-prize-by-the-international-water-association/index.html]
[www.onedrop.org/en/news-events/index3049.html]
[www.onedrop.org/en/about-one-drop/media-room/press-release/appointment-of-the-three-new-directors-to-one-drop-s-board-of-directors/index.html]
[www.onedrop.org/en/donate/index.html]
[www.onedrop.org/en/about-one-drop/media-room/press-release/seven-cirque-du-soleil-shows-came-together-for-extraordinary-performance-to-raise-global-awareness-and-funds-for-water-related-issues/index.html]
[www.onedrop.org/en/news-event/project-odisha-wins-a-united-nations-award/index.html]
[www.onedrop.org/en/news-event/a-family-farm-with-a-history-and-a-future/index.html]
[www.onedrop.org/en/about-one-drop/media-room/press-release/66000-the-world-s-largest-artistic-water-mosaic-created-in-montreal-auctioned-for-one-night-for-one-drop-in-las-vegas/index.html]
[www.onedrop.org/en/news-event/a-family-business-that-s-full-of-promise/index.html]
[www.onedrop.org/en/about-one-drop/media-room/press-release/cirque-du-soleil-to-stage-one-night-only-original-performance-presented-online-as-a-special-broadcast-available-for-seven-days-only-with-donation-to-one-drop/index.html]
[www.onedrop.org/en/news-event/how-a-young-boy-is-creating-lasting-change/index.html]
[www.onedrop.org/en/news-event/field-update-bollywood-movie-launches-in-india/index.html]
[www.onedrop.org/en/news-event/a-new-project-in-guatemala/index.html]
[www.onedrop.org/en/news-event/win-a-vip-experience-with-shakira-during-her-el-dorado-world-tour-in-las-vegas/index.html]
[www.onedrop.org/en/news-event/when-children-become-actors/index.html]
[www.onedrop.org/en/news-event/meet-michael-douglas-at-the-marvel-studios-ant-man-and-the-wasp-premiere/index.html]
[www.onedrop.org/en/news-event/a-new-toilet-soon/index.html]
[www.onedrop.org/en/news-event/meet-olympian-yohan-blake-at-the-racers-grand-prix-in-jamaica/index.html]
[www.onedrop.org/en/news-event/one-drops-walk-for-water-in-las-vegas/index.html]
[www.onedrop.org/en/news-event/happy-world-water-day/index.html]
[www.onedrop.org/en/news-event/one-night-for-one-drop-with-cirque-du-soleil/index.html]
[www.onedrop.org/en/news-event/were-hiring/index.html]
[www.onedrop.org/en/news-event/looking-for-extraordinary-creators-directors-one-night-for-one-drop-2018/index.html]
[www.onedrop.org/en/news-events/index3049.html]
[www.onedrop.org/en/news-event/the-monte-carlo-one-drop-extravaganza-to-be-held-by-invitation/index.html]
[www.onedrop.org/en/donate/index.html]
[www.onedrop.org/en/news-event/this-menstrual-hygiene-day-let-s-get-people-talking/index.html]
[www.onedrop.org/en/news-event/project-odisha-wins-a-united-nations-award/index.html]
[www.onedrop.org/en/news-event/one-night-for-one-drop-comes-to-select-u-s-cinemas-on-june-7/index.html]
[www.onedrop.org/en/news-event/a-family-farm-with-a-history-and-a-future/index.html]
[www.onedrop.org/en/news-event/have-you-met-our-new-poker-ambassador/index.html]
[www.onedrop.org/en/news-event/a-family-business-that-s-full-of-promise/index.html]
[www.onedrop.org/en/news-event/how-a-young-boy-is-creating-lasting-change/index.html]
[www.onedrop.org/en/news-event/a-new-project-in-guatemala/index.html]
[www.onedrop.org/en/news-event/field-update-bollywood-movie-launches-in-india/index.html]
[www.onedrop.org/en/news-event/when-children-become-actors/index.html]
[www.onedrop.org/en/news-event/a-new-toilet-soon/index.html]
[www.onedrop.org/en/news-events/index30bb.html]
[www.onedrop.org/en/news-event/one-drops-walk-for-water-in-las-vegas/index.html]
[www.onedrop.org/en/news-event/the-monte-carlo-one-drop-extravaganza-to-be-held-by-invitation/index.html]
[www.onedrop.org/en/news-event/one-night-for-one-drop-with-cirque-du-soleil/index.html]
[www.onedrop.org/en/news-events/index9ba9.html]
[www.onedrop.org/en/news-event/this-menstrual-hygiene-day-let-s-get-people-talking/index.html]
[www.onedrop.org/en/news-event/one-night-for-one-drop-comes-to-select-u-s-cinemas-on-june-7/index.html]
[www.onedrop.org/en/news-event/have-you-met-our-new-poker-ambassador/index.html]
[www.onedrop.org/en/news-event/a-blue-bracelet-to-fund-safe-water/index.html]
[www.onedrop.org/en/news-event/one-drop-and-microsoft-collaborate/index.html]
[www.onedrop.org/en/news-events/index04ca.html]
[www.onedrop.org/en/news-event/one-night-for-one-drop-in-theaters-near-you/index.html]
[www.onedrop.org/en/news-event/one-night-for-one-drop-in-theaters-near-you/index.html]
[www.onedrop.org/en/news-events/index04ca.html]
